error: cannot move a non-ghost variable into a `ghost!` block
 --> capture_non_copy_data.rs:5:12
  |
5 |     ghost!(v);
  |            ^
  |
note: variable defined here is not copy
 --> capture_non_copy_data.rs:4:30
  |
4 | pub fn capture_non_copy_data(v: Vec<i32>) {
  |                              ^

error: aborting due to 1 previous error

