error: internal compiler error: compiler/rustc_middle/src/ty/normalize_erasing_regions.rs:168:90: Failed to normalize Closure(DefId(0:112 ~ 17_filter[15b5]::immutable::{closure#0}), [&'{erased} Alias(Projection, AliasTy { args: [I/#0], def_id: DefId(0:16 ~ 17_filter[15b5]::common::Iterator::Item) }), P/#1, i8, Binder { value: extern "RustCall" fn((P/#1, P/#1)) -> bool, bound_vars: [] }, ()]), maybe try to call `try_normalize_erasing_regions` instead

thread 'rustc' panicked at compiler/rustc_middle/src/ty/normalize_erasing_regions.rs:168:90:
Box<dyn Any>
note: run with `RUST_BACKTRACE=1` environment variable to display a backtrace

note: we would appreciate a bug report: https://github.com/creusot-rs/creusot/issues/new

note: please make sure that you have updated to the latest nightly

note: rustc 1.82.0-nightly (c1a6199e9 2024-07-24) running on x86_64-unknown-linux-gnu

note: compiler flags: -Z no-codegen --crate-type lib

query stack during panic:
end of query stack
error: aborting due to 1 previous error

